2025-09-24 22:41:12,130 - INFO - Connected to DuckDB instance
2025-09-24 22:41:12,131 - INFO - Dropped table if exists
2025-09-24 22:46:09,446 - INFO - Connected to DuckDB instance
2025-09-24 22:46:09,448 - INFO - Dropped table if exists
2025-09-24 22:47:16,215 - INFO - Connected to DuckDB instance
2025-09-24 22:47:16,217 - INFO - Dropped table if exists
2025-09-24 22:50:42,777 - INFO - Connected to DuckDB instance
2025-09-24 22:50:42,779 - INFO - Dropped table if exists
2025-09-24 22:55:43,704 - INFO - Connected to DuckDB instance
2025-09-24 22:55:43,706 - INFO - Dropped table if exists
2025-09-25 12:51:48,432 - INFO - Connected to DuckDB instance
2025-09-25 12:51:49,840 - ERROR - An error occurred: HTTP Error: HTTP GET error on 'https://d37ci6vzurychx.cloudfront.net/trip-data/yellow_tripdata_2024.parquet/yellow_tripdata_2024-01.parquet' (HTTP 403)
2025-09-25 12:51:49,840 - INFO - Database connection closed
2025-09-25 12:56:29,314 - INFO - Connected to DuckDB instance
2025-09-25 12:56:30,496 - ERROR - An error occurred: HTTP Error: HTTP GET error on 'https://d37ci6vzurychx.cloudfront.net/trip-data/yellow_tripdata_2024.parquet/yellow_tripdata_2024-01.parquet' (HTTP 403)
2025-09-25 12:56:30,496 - INFO - Database connection closed
2025-09-25 12:57:51,988 - INFO - Connected to DuckDB instance
2025-09-25 12:57:53,374 - ERROR - An error occurred: HTTP Error: HTTP GET error on 'https://d37ci6vzurychx.cloudfront.net/trip-data/yellow_tripdata_2024.parquet/yellow_tripdata_2024-01.parquet' (HTTP 403)
2025-09-25 12:57:53,375 - INFO - Database connection closed
2025-09-25 12:58:28,226 - INFO - Connected to DuckDB instance
2025-09-25 12:58:29,314 - ERROR - An error occurred: HTTP Error: HTTP GET error on 'https://d37ci6vzurychx.cloudfront.net/trip-data/yellow_tripdata_2024.parquet/yellow_tripdata_2024-01.parquet' (HTTP 403)
2025-09-25 12:58:29,314 - INFO - Database connection closed
2025-09-25 12:59:41,955 - INFO - Connected to DuckDB instance
2025-09-25 12:59:43,052 - ERROR - An error occurred: HTTP Error: HTTP GET error on 'https://d37ci6vzurychx.cloudfront.net/trip-data/yellow_tripdata_2024.parquet/yellow_tripdata_2024-01.parquet' (HTTP 403)
2025-09-25 12:59:43,052 - INFO - Database connection closed
2025-09-25 12:59:50,895 - INFO - Connected to DuckDB instance
2025-09-25 12:59:51,960 - ERROR - An error occurred: HTTP Error: HTTP GET error on 'https://d37ci6vzurychx.cloudfront.net/trip-data/yellow_tripdata_2024.parquet/yellow_tripdata_2024-01.parquet' (HTTP 403)
2025-09-25 12:59:51,960 - INFO - Database connection closed
2025-09-25 13:00:15,036 - INFO - Connected to DuckDB instance
2025-09-25 13:00:16,119 - ERROR - An error occurred: HTTP Error: HTTP GET error on 'https://d37ci6vzurychx.cloudfront.net/trip-data/yellow_tripdata_2024.parquet/yellow_tripdata_2024-01.parquet' (HTTP 403)
2025-09-25 13:00:16,120 - INFO - Database connection closed
2025-09-25 13:02:10,661 - INFO - Connected to DuckDB instance
2025-09-25 13:02:10,668 - ERROR - An error occurred: name 'yellow_urls' is not defined
2025-09-25 13:02:10,668 - INFO - Database connection closed
2025-09-25 13:05:55,239 - INFO - Connected to DuckDB instance
2025-09-25 13:06:40,682 - INFO - Finished loading all parquet files
2025-09-25 13:06:40,690 - INFO - Database connection closed
2025-09-25 13:19:33,626 - INFO - Connected to DuckDB instance
2025-09-25 13:20:01,997 - INFO - Finished loading all parquet files
2025-09-25 13:20:01,998 - INFO - Database connection closed
2025-09-25 13:27:58,180 - INFO - Connected to DuckDB instance
2025-09-25 13:28:31,207 - INFO - Finished loading all parquet files
2025-09-25 13:28:31,208 - INFO - Database connection closed
2025-09-25 13:32:01,973 - INFO - Connected to DuckDB instance
2025-09-25 13:32:02,896 - ERROR - An error occurred: HTTP Error: HTTP GET error on 'https://d37ci6vzurychx.cloudfront.net/trip-data/yellow_tripdata_2024-01.parquet' (HTTP 403)
2025-09-25 13:32:02,896 - INFO - Database connection closed
2025-09-25 13:39:05,447 - INFO - Connected to DuckDB instance
2025-09-25 13:39:50,786 - INFO - Finished loading all parquet files
2025-09-25 13:39:50,791 - INFO - Database connection closed
2025-09-25 22:35:38,140 - INFO - Connected to DuckDB instance
2025-09-25 22:36:06,139 - INFO - Finished loading all parquet files
2025-09-25 22:36:06,140 - INFO - Database connection closed
2025-09-25 22:39:54,886 - INFO - Connected to DuckDB instance
2025-09-25 22:39:55,742 - ERROR - An error occurred: HTTP Error: HTTP GET error on 'https://d37ci6vzurychx.cloudfront.net/trip-data/yellow_tripdata_2024-01.parquet' (HTTP 403)
2025-09-25 22:39:55,743 - INFO - Database connection closed
2025-09-25 22:40:52,443 - INFO - Connected to DuckDB instance
2025-09-25 22:40:53,395 - ERROR - An error occurred: HTTP Error: HTTP GET error on 'https://d37ci6vzurychx.cloudfront.net/trip-data/yellow_tripdata_2024-01.parquet' (HTTP 403)
2025-09-25 22:40:53,396 - INFO - Database connection closed
2025-09-25 22:42:59,746 - INFO - Connected to DuckDB instance
2025-09-25 22:43:25,361 - INFO - Finished loading all parquet files
2025-09-25 22:43:25,361 - INFO - Database connection closed
2025-09-25 22:44:34,566 - INFO - Connected to DuckDB instance
2025-09-25 22:44:35,449 - ERROR - An error occurred: HTTP Error: HTTP GET error on 'https://d37ci6vzurychx.cloudfront.net/trip-data/yellow_tripdata_2024-01.parquet' (HTTP 403)
2025-09-25 22:44:35,449 - INFO - Database connection closed
2025-09-25 22:45:21,444 - INFO - Connected to DuckDB instance
2025-09-25 22:45:22,285 - ERROR - An error occurred: HTTP Error: HTTP GET error on 'https://d37ci6vzurychx.cloudfront.net/trip-data/yellow_tripdata_2024-01.parquet' (HTTP 403)
2025-09-25 22:45:22,285 - INFO - Database connection closed
2025-09-25 22:48:20,312 - INFO - Connected to DuckDB instance
2025-09-25 22:48:40,975 - INFO - Finished loading all parquet files
2025-09-25 22:48:40,982 - INFO - Database connection closed
2025-09-25 22:48:42,584 - INFO - NumExpr defaulting to 8 threads.
2025-09-25 22:48:43,016 - INFO - Yellow table summary:
 row_count  avg_passenger_count  avg_trip_distance min_pickup_datetime max_dropoff_datetime
  41169720             1.333931           4.976101 2002-12-31 16:46:07  2026-06-27 20:59:10
2025-09-25 22:51:31,430 - INFO - Connected to DuckDB instance
2025-09-25 22:51:32,291 - ERROR - An error occurred: HTTP Error: HTTP GET error on 'https://d37ci6vzurychx.cloudfront.net/trip-data/yellow_tripdata_2024-01.parquet' (HTTP 403)
2025-09-25 22:51:32,291 - INFO - Database connection closed
2025-09-25 22:52:02,846 - INFO - Connected to DuckDB instance
2025-09-25 22:52:03,739 - ERROR - An error occurred: HTTP Error: HTTP GET error on 'https://d37ci6vzurychx.cloudfront.net/trip-data/yellow_tripdata_2024-01.parquet' (HTTP 403)
2025-09-25 22:52:03,739 - INFO - Database connection closed
2025-09-25 22:53:38,388 - INFO - Connected to DuckDB instance
